// Jest Snapshot v1, https://goo.gl/fbAQLP

exports[`Probando el componente GifGrid Deberia generar el snapshot 1`] = `
<div>
  <h3
    class="animate__animated animate__fadeIn"
  >
     
    goku
     
  </h3>
  <p
    class="animate__animated animate__flash"
  >
    Loading
  </p>
  <div
    class="card-grid"
  />
</div>
`;
