// Jest Snapshot v1, https://goo.gl/fbAQLP

exports[`Probando el componente multiple custom hooks deberia mostrarse correctamente el componente 1`] = `
<div
  className=""
  id="container"
>
  <h1>
    Breaking Bad Quotes
  </h1>
  <hr />
  <div
    className="alert alert-info text-center"
  >
    Loading...
  </div>
  <button
    className="btn btn-primary"
    onClick={[Function]}
  >
    Next Quote
  </button>
</div>
`;
